                                                                           netfu
[1] wlan0 · [2] enp0s31f6 · [3] Virtual · [4] Other · [5] Auto · [6] System  ⟳
╭──────────────────────────────────────────────────────────────────────────────╮
│   DEVICE                        TYPE        STATE           CONNECTION       │
│ ▸ docker0                       bridge      connected       docker0          │
│                                                                              │
│                                                                              │
│                                                                              │
│                                                                              │
│                                                                              │
│                                                                              │
│                                                                              │
│                                                                              │
│                                                                              │
│                                                                              │
│                                                                              │
│                                                                              │
│                                                                              │
│                                                                              │
│                                                                              │
│                                                                              │
│                                                                              │
╰──────────────────────────────────────────────────────────────────────────────╯
↵ activate/deactivate • a activate • d deactivate • / filter • ? help • q quit