                                                                           netfu
[1] wlan0 · [2] enp0s31f6 · [3] Virtual · [4] Other · [5] Auto · [6] System  ⟳
╭──────────────────────────────────────────────────────────────────────────────╮
│ ▸ Our House 1                                ▂▄▆█  82%  WPA2    ✓ connected  │
│   Our House 5G                               ▂▄▆   61%  WPA3    ⋆ saved      │
│   Neighbors                                  ▂▄▆   68%  WPA2                 │
│   CafeGuest                                  ▂▄    47%  open                 │
│   (hidden)                                   ▂▄    33%  WPA2    hidden       │
│                                                                              │
│                                                                              │
│                                                                              │
│                                                                              │
│                                                                              │
│                                                                              │
│                                                                              │
│                                                                              │
│                                                                              │
│                                                                              │
│                                                                              │
│                                                                              │
│                                                                              │
│                                                                              │
╰──────────────────────────────────────────────────────────────────────────────╯
↵ connect • d disconnect • x forget • e edit • / filter • ? help • q quit